[colorlib.com/preview/theme/gaas/index.html]
[colorlib.com/preview/theme/gaas/img/favicon.png]
[backblue.gif]
[fade.gif]
[index.html]
[colorlib.com/preview/theme/gaas/css/bootstrap.css]
[colorlib.com/preview/theme/gaas/vendors/linericon/style.css]
[colorlib.com/preview/theme/gaas/css/font-awesome.min.css]
[colorlib.com/preview/theme/gaas/vendors/owl-carousel/owl.carousel.min.css]
[colorlib.com/preview/theme/gaas/css/magnific-popup.css]
[colorlib.com/preview/theme/gaas/vendors/nice-select/css/nice-select.css]
[colorlib.com/preview/theme/gaas/vendors/animate-css/animate.css]
[colorlib.com/preview/theme/gaas/vendors/flaticon/flaticon.css]
[colorlib.com/preview/theme/gaas/css/style.css]
[colorlib.com/preview/theme/gaas/index-2.html]
[colorlib.com/preview/theme/gaas/img/logo.png]
[colorlib.com/preview/theme/gaas/features.html]
[colorlib.com/preview/theme/gaas/price.html]
[colorlib.com/preview/theme/gaas/elements.html]
[colorlib.com/preview/theme/gaas/blog.html]
[colorlib.com/preview/theme/gaas/single-blog.html]
[colorlib.com/preview/theme/gaas/contact.html]
[colorlib.com/preview/theme/gaas/img/banner/home-right.png]
[colorlib.com/preview/theme/gaas/img/f-img.png]
[colorlib.com/preview/theme/gaas/img/chart.png]
[colorlib.com/preview/theme/gaas/img/f-img1.png]
[colorlib.com/preview/theme/gaas/img/shape1.png]
[colorlib.com/preview/theme/gaas/img/shape2.png]
[colorlib.com/preview/theme/gaas/img/f-img2.png]
[colorlib.com/preview/theme/gaas/img/quote.png]
[colorlib.com/preview/theme/gaas/img/brands/logo1.png]
[colorlib.com/preview/theme/gaas/img/brands/logo2.png]
[colorlib.com/preview/theme/gaas/img/brands/logo3.png]
[colorlib.com/preview/theme/gaas/img/brands/logo4.png]
[colorlib.com/preview/theme/gaas/img/brands/logo5.png]
[colorlib.com/preview/theme/gaas/img/brands/logo6.png]
[colorlib.com/preview/theme/gaas/js/jquery-3.2.1.min.js]
[colorlib.com/preview/theme/gaas/js/popper.js]
[colorlib.com/preview/theme/gaas/js/bootstrap.min.js]
[colorlib.com/preview/theme/gaas/js/stellar.js]
[colorlib.com/preview/theme/gaas/js/jquery.magnific-popup.min.js]
[colorlib.com/preview/theme/gaas/vendors/nice-select/js/jquery.nice-select.min.js]
[colorlib.com/preview/theme/gaas/vendors/isotope/imagesloaded.pkgd.min.js]
[colorlib.com/preview/theme/gaas/vendors/isotope/isotope-min.js]
[colorlib.com/preview/theme/gaas/vendors/owl-carousel/owl.carousel.min.js]
[colorlib.com/preview/theme/gaas/js/jquery.ajaxchimp.min.js]
[colorlib.com/preview/theme/gaas/vendors/counter-up/jquery.waypoints.min.js]
[colorlib.com/preview/theme/gaas/vendors/counter-up/jquery.counterup.min.js]
[colorlib.com/preview/theme/gaas/js/mail-script.js]
[colorlib.com/preview/theme/gaas/js/gmaps.min.js]
[colorlib.com/preview/theme/gaas/js/theme.js]
[colorlib.com/preview/theme/gaas/index.html]
[colorlib.com/preview/theme/gaas/css/bootstrap.css]
[colorlib.com/preview/theme/gaas/vendors/linericon/fonts/Linearicons-Free54e9.eot]
[colorlib.com/preview/theme/gaas/vendors/linericon/fonts/Linearicons-Freed41d.eot]
[colorlib.com/preview/theme/gaas/vendors/linericon/fonts/Linearicons-Free54e9.woff2]
[colorlib.com/preview/theme/gaas/vendors/linericon/fonts/Linearicons-Free54e9.woff]
[colorlib.com/preview/theme/gaas/vendors/linericon/fonts/Linearicons-Free54e9.ttf]
[colorlib.com/preview/theme/gaas/vendors/linericon/style.css]
[colorlib.com/preview/theme/gaas/vendors/linericon/fonts/Linearicons-Free54e9.svg]
[colorlib.com/preview/theme/gaas/fonts/fontawesome-webfont3295.eot]
[colorlib.com/preview/theme/gaas/fonts/fontawesome-webfontd41d.eot]
[colorlib.com/preview/theme/gaas/fonts/fontawesome-webfont3295.woff2]
[colorlib.com/preview/theme/gaas/fonts/fontawesome-webfont3295.woff]
[colorlib.com/preview/theme/gaas/fonts/fontawesome-webfont3295.ttf]
[colorlib.com/preview/theme/gaas/css/font-awesome.min.css]
[colorlib.com/preview/theme/gaas/fonts/fontawesome-webfont3295.svg]
[colorlib.com/preview/theme/gaas/vendors/owl-carousel/owl.video.play.png]
[colorlib.com/preview/theme/gaas/vendors/owl-carousel/owl.carousel.min.css]
[colorlib.com/preview/theme/gaas/css/magnific-popup.css]
[colorlib.com/preview/theme/gaas/vendors/nice-select/css/nice-select.css]
[colorlib.com/preview/theme/gaas/vendors/animate-css/animate.css]
[colorlib.com/preview/theme/gaas/vendors/flaticon/Flaticon.eot]
[colorlib.com/preview/theme/gaas/vendors/flaticon/Flaticond41d.eot]
[colorlib.com/preview/theme/gaas/vendors/flaticon/Flaticon.woff]
[colorlib.com/preview/theme/gaas/vendors/flaticon/Flaticon.ttf]
[colorlib.com/preview/theme/gaas/vendors/flaticon/flaticon.css]
[colorlib.com/preview/theme/gaas/vendors/flaticon/Flaticon.svg]
[colorlib.com/preview/theme/gaas/img/banner/home-banner.png]
[colorlib.com/preview/theme/gaas/img/banner/banner-2.jpg]
[colorlib.com/preview/theme/gaas/img/banner/common-banner.png]
[colorlib.com/preview/theme/gaas/img/contact-shap-1.png]
[colorlib.com/preview/theme/gaas/img/contact-shap-2.png]
[colorlib.com/preview/theme/gaas/img/elements/primary-check.png]
[colorlib.com/preview/theme/gaas/img/elements/success-check.png]
[colorlib.com/preview/theme/gaas/img/elements/disabled-check.png]
[colorlib.com/preview/theme/gaas/img/elements/primary-radio.png]
[colorlib.com/preview/theme/gaas/img/elements/success-radio.png]
[colorlib.com/preview/theme/gaas/img/elements/disabled-radio.png]
[colorlib.com/preview/theme/gaas/img/tab-bg.jpg]
[colorlib.com/preview/theme/gaas/img/pricing-bg.png]
[colorlib.com/preview/theme/gaas/img/impress-bg.png]
[colorlib.com/preview/theme/gaas/img/footer-bg.png]
[colorlib.com/preview/theme/gaas/css/style.css]
[colorlib.com/preview/theme/gaas/index-2.html]
[colorlib.com/preview/theme/gaas/features.html]
[colorlib.com/preview/theme/gaas/price.html]
[colorlib.com/preview/theme/gaas/vendors/lightbox/simpleLightbox.css]
[colorlib.com/preview/theme/gaas/css/responsive.css]
[colorlib.com/preview/theme/gaas/img/elements/d.jpg]
[colorlib.com/preview/theme/gaas/img/elements/f1.jpg]
[colorlib.com/preview/theme/gaas/img/elements/f2.jpg]
[colorlib.com/preview/theme/gaas/img/elements/f3.jpg]
[colorlib.com/preview/theme/gaas/img/elements/f4.jpg]
[colorlib.com/preview/theme/gaas/img/elements/f5.jpg]
[colorlib.com/preview/theme/gaas/img/elements/f6.jpg]
[colorlib.com/preview/theme/gaas/img/elements/f7.jpg]
[colorlib.com/preview/theme/gaas/img/elements/f8.jpg]
[colorlib.com/preview/theme/gaas/img/elements/g1.jpg]
[colorlib.com/preview/theme/gaas/img/elements/g2.jpg]
[colorlib.com/preview/theme/gaas/img/elements/g3.jpg]
[colorlib.com/preview/theme/gaas/img/elements/g4.jpg]
[colorlib.com/preview/theme/gaas/img/elements/g5.jpg]
[colorlib.com/preview/theme/gaas/img/elements/g6.jpg]
[colorlib.com/preview/theme/gaas/img/elements/g7.jpg]
[colorlib.com/preview/theme/gaas/img/elements/g8.jpg]
[colorlib.com/preview/theme/gaas/vendors/lightbox/simpleLightbox.min.js]
[colorlib.com/preview/theme/gaas/vendors/jquery-ui/jquery-ui.js]
[colorlib.com/preview/theme/gaas/vendors/counter-up/jquery.counterup.js]
[colorlib.com/preview/theme/gaas/elements.html]
[colorlib.com/preview/theme/gaas/img/blog/cat-post/cat-post-3.jpg]
[colorlib.com/preview/theme/gaas/blog-details.html]
[colorlib.com/preview/theme/gaas/img/blog/cat-post/cat-post-2.jpg]
[colorlib.com/preview/theme/gaas/img/blog/cat-post/cat-post-1.jpg]
[colorlib.com/preview/theme/gaas/img/blog/main-blog/m-blog-1.jpg]
[colorlib.com/preview/theme/gaas/img/blog/main-blog/m-blog-2.jpg]
[colorlib.com/preview/theme/gaas/img/blog/main-blog/m-blog-3.jpg]
[colorlib.com/preview/theme/gaas/img/blog/main-blog/m-blog-4.jpg]
[colorlib.com/preview/theme/gaas/img/blog/main-blog/m-blog-5.jpg]
[colorlib.com/preview/theme/gaas/img/blog/author.png]
[colorlib.com/preview/theme/gaas/img/blog/popular-post/post1.jpg]
[colorlib.com/preview/theme/gaas/img/blog/popular-post/post2.jpg]
[colorlib.com/preview/theme/gaas/img/blog/popular-post/post3.jpg]
[colorlib.com/preview/theme/gaas/img/blog/popular-post/post4.jpg]
[colorlib.com/preview/theme/gaas/img/blog/add.jpg]
[colorlib.com/preview/theme/gaas/blog.html]
[colorlib.com/preview/theme/gaas/img/blog/feature-img1.jpg]
[colorlib.com/preview/theme/gaas/img/blog/post-img1.jpg]
[colorlib.com/preview/theme/gaas/img/blog/post-img2.jpg]
[colorlib.com/preview/theme/gaas/img/blog/prev.jpg]
[colorlib.com/preview/theme/gaas/img/blog/next.jpg]
[colorlib.com/preview/theme/gaas/img/blog/c1.jpg]
[colorlib.com/preview/theme/gaas/img/blog/c2.jpg]
[colorlib.com/preview/theme/gaas/img/blog/c3.jpg]
[colorlib.com/preview/theme/gaas/img/blog/c4.jpg]
[colorlib.com/preview/theme/gaas/img/blog/c5.jpg]
[colorlib.com/preview/theme/gaas/single-blog.html]
[colorlib.com/preview/theme/gaas/js/jquery.form.js]
[colorlib.com/preview/theme/gaas/js/jquery.validate.min.js]
[colorlib.com/preview/theme/gaas/js/contact.js]
[colorlib.com/preview/theme/gaas/contact.html]
[colorlib.com/preview/theme/gaas/vendors/linericon/fonts/Linearicons-Free54e9.svg]
[colorlib.com/preview/theme/gaas/fonts/fontawesome-webfont3295.svg]
[colorlib.com/preview/theme/gaas/vendors/owl-carousel/owl.video.play.html]
[colorlib.com/preview/theme/gaas/vendors/flaticon/Flaticon.svg]
[colorlib.com/preview/theme/gaas/img/contact-shap-1.html]
[colorlib.com/preview/theme/gaas/img/contact-shap-2.html]
[colorlib.com/preview/theme/gaas/vendors/lightbox/simpleLightbox.css]
[colorlib.com/preview/theme/gaas/css/responsive.html]
[colorlib.com/preview/theme/gaas/vendors/counter-up/jquery.counterup.html]
[colorlib.com/preview/theme/gaas/blog-details.html]
